GowinSynthesis start
Running parser ...
Analyzing Verilog file '/mnt/sehc/realmanlyhdlstuff/CGoL/FPGA/CGoL/src/state.sv'
Compiling module 'state'("/mnt/sehc/realmanlyhdlstuff/CGoL/FPGA/CGoL/src/state.sv":1)
Extracting RAM for identifier 'mem_array_1'("/mnt/sehc/realmanlyhdlstuff/CGoL/FPGA/CGoL/src/state.sv":50)
Extracting RAM for identifier 'mem_array_2'("/mnt/sehc/realmanlyhdlstuff/CGoL/FPGA/CGoL/src/state.sv":86)
WARN  (EX1998) : Net 'mem_array_1_calc_clk' does not have a driver("/mnt/sehc/realmanlyhdlstuff/CGoL/FPGA/CGoL/src/state.sv":39)
WARN  (EX1998) : Net 'mem_array_1_calc_we' does not have a driver("/mnt/sehc/realmanlyhdlstuff/CGoL/FPGA/CGoL/src/state.sv":40)
WARN  (EX1998) : Net 'mem_array_1_calc_addr' does not have a driver("/mnt/sehc/realmanlyhdlstuff/CGoL/FPGA/CGoL/src/state.sv":41)
WARN  (EX1998) : Net 'mem_array_1_calc_data_in' does not have a driver("/mnt/sehc/realmanlyhdlstuff/CGoL/FPGA/CGoL/src/state.sv":42)
WARN  (EX1998) : Net 'mem_array_1_display_clk' does not have a driver("/mnt/sehc/realmanlyhdlstuff/CGoL/FPGA/CGoL/src/state.sv":45)
WARN  (EX1998) : Net 'mem_array_1_display_addr' does not have a driver("/mnt/sehc/realmanlyhdlstuff/CGoL/FPGA/CGoL/src/state.sv":46)
WARN  (EX1998) : Net 'mem_array_2_calc_clk' does not have a driver("/mnt/sehc/realmanlyhdlstuff/CGoL/FPGA/CGoL/src/state.sv":77)
WARN  (EX1998) : Net 'mem_array_2_calc_we' does not have a driver("/mnt/sehc/realmanlyhdlstuff/CGoL/FPGA/CGoL/src/state.sv":78)
WARN  (EX1998) : Net 'mem_array_2_calc_addr' does not have a driver("/mnt/sehc/realmanlyhdlstuff/CGoL/FPGA/CGoL/src/state.sv":79)
WARN  (EX1998) : Net 'mem_array_2_calc_data_in' does not have a driver("/mnt/sehc/realmanlyhdlstuff/CGoL/FPGA/CGoL/src/state.sv":80)
WARN  (EX1998) : Net 'mem_array_2_display_clk' does not have a driver("/mnt/sehc/realmanlyhdlstuff/CGoL/FPGA/CGoL/src/state.sv":82)
WARN  (EX1998) : Net 'mem_array_2_display_addr' does not have a driver("/mnt/sehc/realmanlyhdlstuff/CGoL/FPGA/CGoL/src/state.sv":83)
NOTE  (EX0101) : Current top module is "state"
WARN  (EX0211) : The output port "cell_state" of module "state" has no driver, assigning undriven bits to Z, simulation mismatch possible("/mnt/sehc/realmanlyhdlstuff/CGoL/FPGA/CGoL/src/state.sv":13)
WARN  (EX0211) : The output port "valid" of module "state" has no driver, assigning undriven bits to Z, simulation mismatch possible("/mnt/sehc/realmanlyhdlstuff/CGoL/FPGA/CGoL/src/state.sv":14)
WARN  (EX0211) : The output port "screen_out_cell_state" of module "state" has no driver, assigning undriven bits to Z, simulation mismatch possible("/mnt/sehc/realmanlyhdlstuff/CGoL/FPGA/CGoL/src/state.sv":19)
WARN  (EX0211) : The output port "screen_out_valid" of module "state" has no driver, assigning undriven bits to Z, simulation mismatch possible("/mnt/sehc/realmanlyhdlstuff/CGoL/FPGA/CGoL/src/state.sv":20)
[5%] Running netlist conversion ...
WARN  (CV0016) : Input cell_addr is unused("/mnt/sehc/realmanlyhdlstuff/CGoL/FPGA/CGoL/src/state.sv":10)
WARN  (CV0016) : Input cell_rw is unused("/mnt/sehc/realmanlyhdlstuff/CGoL/FPGA/CGoL/src/state.sv":11)
WARN  (CV0016) : Input calc_done is unused("/mnt/sehc/realmanlyhdlstuff/CGoL/FPGA/CGoL/src/state.sv":12)
WARN  (CV0016) : Input screen_clk is unused("/mnt/sehc/realmanlyhdlstuff/CGoL/FPGA/CGoL/src/state.sv":17)
WARN  (CV0016) : Input screen_out_cell_addr is unused("/mnt/sehc/realmanlyhdlstuff/CGoL/FPGA/CGoL/src/state.sv":18)
Running device independent optimization ...
[10%] Optimizing Phase 0 completed
[15%] Optimizing Phase 1 completed
[25%] Optimizing Phase 2 completed
Running inference ...
[30%] Inferring Phase 0 completed
[40%] Inferring Phase 1 completed
[50%] Inferring Phase 2 completed
[55%] Inferring Phase 3 completed
Running technical mapping ...
[60%] Tech-Mapping Phase 0 completed
[65%] Tech-Mapping Phase 1 completed
[75%] Tech-Mapping Phase 2 completed
[80%] Tech-Mapping Phase 3 completed
[90%] Tech-Mapping Phase 4 completed
[95%] Generate netlist file "/mnt/sehc/realmanlyhdlstuff/CGoL/FPGA/CGoL/impl/gwsynthesis/CGoL.vg" completed
[100%] Generate report file "/mnt/sehc/realmanlyhdlstuff/CGoL/FPGA/CGoL/impl/gwsynthesis/CGoL_syn.rpt.html" completed
GowinSynthesis finish
